<testsuites name="results">
  <testsuite name="all" package="all">
    <property name="random_seed" value="1745884651" />
    <testcase name="test_project" classname="test" file="/Users/grillimende/Documents/git/tt_um_sixSidedDie-main/test/test.py" lineno="14" time="0.003206014633178711" sim_time_ns="1440000.001" ratio_time="449155779.29607373" />
  </testsuite>
</testsuites>
